// Jest Snapshot v1, https://goo.gl/fbAQLP

exports[`Snapshot matches snapshot 1`] = `
{
  "Outputs": {
    "AlertTopicArn": {
      "Value": {
        "Ref": "AlertTopic2720D535",
      },
    },
    "ApiUrl": {
      "Value": {
        "Fn::GetAtt": [
          "HttpApiF5A9A8A7",
          "ApiEndpoint",
        ],
      },
    },
    "DistributionUrl": {
      "Value": {
        "Fn::Join": [
          "",
          [
            "https://",
            {
              "Fn::GetAtt": [
                "Distribution830FAC52",
                "DomainName",
              ],
            },
          ],
        ],
      },
    },
    "EventBusName": {
      "Value": {
        "Ref": "EventBus7B8748AA",
      },
    },
    "FrontendBucketName": {
      "Value": {
        "Ref": "FrontendBucketEFE2E19C",
      },
    },
    "M2mClientId": {
      "Value": {
        "Ref": "UserPoolM2mClient962B97A0",
      },
    },
    "SpaClientId": {
      "Value": {
        "Ref": "UserPoolSpaClient6B560FFA",
      },
    },
    "TableName": {
      "Value": {
        "Ref": "AgentRegistryTableC52CC594",
      },
    },
    "UserPoolId": {
      "Value": {
        "Ref": "UserPool6BA7E5F2",
      },
    },
  },
  "Parameters": {
    "BootstrapVersion": {
      "Default": "/cdk-bootstrap/hnb659fds/version",
      "Description": "Version of the CDK Bootstrap resources in this environment, automatically retrieved from SSM Parameter Store. [cdk:skip]",
      "Type": "AWS::SSM::Parameter::Value<String>",
    },
  },
  "Resources": {
    "AgentRegistryTableC52CC594": {
      "DeletionPolicy": "Delete",
      "Properties": {
        "AttributeDefinitions": [
          {
            "AttributeName": "pk",
            "AttributeType": "S",
          },
          {
            "AttributeName": "sk",
            "AttributeType": "S",
          },
          {
            "AttributeName": "status",
            "AttributeType": "S",
          },
          {
            "AttributeName": "updated_at",
            "AttributeType": "S",
          },
          {
            "AttributeName": "tenant_id",
            "AttributeType": "S",
          },
          {
            "AttributeName": "lifecycle_status",
            "AttributeType": "S",
          },
        ],
        "BillingMode": "PAY_PER_REQUEST",
        "GlobalSecondaryIndexes": [
          {
            "IndexName": "status-index",
            "KeySchema": [
              {
                "AttributeName": "status",
                "KeyType": "HASH",
              },
              {
                "AttributeName": "updated_at",
                "KeyType": "RANGE",
              },
            ],
            "Projection": {
              "ProjectionType": "ALL",
            },
          },
          {
            "IndexName": "tenant-index",
            "KeySchema": [
              {
                "AttributeName": "tenant_id",
                "KeyType": "HASH",
              },
              {
                "AttributeName": "updated_at",
                "KeyType": "RANGE",
              },
            ],
            "Projection": {
              "ProjectionType": "ALL",
            },
          },
          {
            "IndexName": "lifecycle-index",
            "KeySchema": [
              {
                "AttributeName": "lifecycle_status",
                "KeyType": "HASH",
              },
              {
                "AttributeName": "updated_at",
                "KeyType": "RANGE",
              },
            ],
            "Projection": {
              "ProjectionType": "ALL",
            },
          },
        ],
        "KeySchema": [
          {
            "AttributeName": "pk",
            "KeyType": "HASH",
          },
          {
            "AttributeName": "sk",
            "KeyType": "RANGE",
          },
        ],
        "PointInTimeRecoverySpecification": {
          "PointInTimeRecoveryEnabled": true,
        },
        "TableName": "harbor-agent-registry",
        "TimeToLiveSpecification": {
          "AttributeName": "ttl",
          "Enabled": true,
        },
      },
      "Type": "AWS::DynamoDB::Table",
      "UpdateReplacePolicy": "Delete",
    },
    "AlertTopic2720D535": {
      "Properties": {
        "TopicName": "harbor-alerts",
      },
      "Type": "AWS::SNS::Topic",
    },
    "AlertTopicPolicy3376BC02": {
      "Properties": {
        "PolicyDocument": {
          "Statement": [
            {
              "Action": "sns:Publish",
              "Effect": "Allow",
              "Principal": {
                "Service": "events.amazonaws.com",
              },
              "Resource": {
                "Ref": "AlertTopic2720D535",
              },
              "Sid": "0",
            },
          ],
          "Version": "2012-10-17",
        },
        "Topics": [
          {
            "Ref": "AlertTopic2720D535",
          },
        ],
      },
      "Type": "AWS::SNS::TopicPolicy",
    },
    "ApiFunctionCE271BD4": {
      "DependsOn": [
        "ApiFunctionServiceRoleDefaultPolicy20A32B8D",
        "ApiFunctionServiceRole52B9747B",
      ],
      "Properties": {
        "Architectures": [
          "arm64",
        ],
        "Code": {
          "S3Bucket": "cdk-hnb659fds-assets-123456789012-us-east-1",
          "S3Key": "e4c6a1b1ec4b3f0536f7d76a124e73e99d1e2b44dc6393c82a732b41b4d334ea.zip",
        },
        "Environment": {
          "Variables": {
            "COGNITO_APP_CLIENT_ID": {
              "Ref": "UserPoolSpaClient6B560FFA",
            },
            "COGNITO_USER_POOL_ID": {
              "Ref": "UserPool6BA7E5F2",
            },
            "EVENT_BUS_NAME": {
              "Ref": "EventBus7B8748AA",
            },
            "HARBOR_AUTH_DISABLED": "true",
            "POWERTOOLS_SERVICE_NAME": "harbor",
            "TABLE_NAME": {
              "Ref": "AgentRegistryTableC52CC594",
            },
          },
        },
        "FunctionName": "harbor-api",
        "Handler": "harbor.main.handler",
        "MemorySize": 256,
        "Role": {
          "Fn::GetAtt": [
            "ApiFunctionServiceRole52B9747B",
            "Arn",
          ],
        },
        "Runtime": "python3.12",
        "Timeout": 30,
      },
      "Type": "AWS::Lambda::Function",
    },
    "ApiFunctionServiceRole52B9747B": {
      "Properties": {
        "AssumeRolePolicyDocument": {
          "Statement": [
            {
              "Action": "sts:AssumeRole",
              "Effect": "Allow",
              "Principal": {
                "Service": "lambda.amazonaws.com",
              },
            },
          ],
          "Version": "2012-10-17",
        },
        "ManagedPolicyArns": [
          {
            "Fn::Join": [
              "",
              [
                "arn:",
                {
                  "Ref": "AWS::Partition",
                },
                ":iam::aws:policy/service-role/AWSLambdaBasicExecutionRole",
              ],
            ],
          },
        ],
      },
      "Type": "AWS::IAM::Role",
    },
    "ApiFunctionServiceRoleDefaultPolicy20A32B8D": {
      "Properties": {
        "PolicyDocument": {
          "Statement": [
            {
              "Action": [
                "dynamodb:BatchGetItem",
                "dynamodb:Query",
                "dynamodb:GetItem",
                "dynamodb:Scan",
                "dynamodb:ConditionCheckItem",
                "dynamodb:BatchWriteItem",
                "dynamodb:PutItem",
                "dynamodb:UpdateItem",
                "dynamodb:DeleteItem",
                "dynamodb:DescribeTable",
              ],
              "Effect": "Allow",
              "Resource": [
                {
                  "Fn::GetAtt": [
                    "AgentRegistryTableC52CC594",
                    "Arn",
                  ],
                },
                {
                  "Fn::Join": [
                    "",
                    [
                      {
                        "Fn::GetAtt": [
                          "AgentRegistryTableC52CC594",
                          "Arn",
                        ],
                      },
                      "/index/*",
                    ],
                  ],
                },
              ],
            },
            {
              "Action": [
                "dynamodb:GetRecords",
                "dynamodb:GetShardIterator",
              ],
              "Effect": "Allow",
              "Resource": [
                {
                  "Fn::GetAtt": [
                    "AgentRegistryTableC52CC594",
                    "Arn",
                  ],
                },
                {
                  "Fn::Join": [
                    "",
                    [
                      {
                        "Fn::GetAtt": [
                          "AgentRegistryTableC52CC594",
                          "Arn",
                        ],
                      },
                      "/index/*",
                    ],
                  ],
                },
              ],
            },
            {
              "Action": "events:PutEvents",
              "Effect": "Allow",
              "Resource": {
                "Fn::GetAtt": [
                  "EventBus7B8748AA",
                  "Arn",
                ],
              },
            },
          ],
          "Version": "2012-10-17",
        },
        "PolicyName": "ApiFunctionServiceRoleDefaultPolicy20A32B8D",
        "Roles": [
          {
            "Ref": "ApiFunctionServiceRole52B9747B",
          },
        ],
      },
      "Type": "AWS::IAM::Policy",
    },
    "CustomS3AutoDeleteObjectsCustomResourceProviderHandler9D90184F": {
      "DependsOn": [
        "CustomS3AutoDeleteObjectsCustomResourceProviderRole3B1BD092",
      ],
      "Properties": {
        "Code": {
          "S3Bucket": "cdk-hnb659fds-assets-123456789012-us-east-1",
          "S3Key": "faa95a81ae7d7373f3e1f242268f904eb748d8d0fdd306e8a6fe515a1905a7d6.zip",
        },
        "Description": {
          "Fn::Join": [
            "",
            [
              "Lambda function for auto-deleting objects in ",
              {
                "Ref": "FrontendBucketEFE2E19C",
              },
              " S3 bucket.",
            ],
          ],
        },
        "Handler": "index.handler",
        "MemorySize": 128,
        "Role": {
          "Fn::GetAtt": [
            "CustomS3AutoDeleteObjectsCustomResourceProviderRole3B1BD092",
            "Arn",
          ],
        },
        "Runtime": "nodejs22.x",
        "Timeout": 900,
      },
      "Type": "AWS::Lambda::Function",
    },
    "CustomS3AutoDeleteObjectsCustomResourceProviderRole3B1BD092": {
      "Properties": {
        "AssumeRolePolicyDocument": {
          "Statement": [
            {
              "Action": "sts:AssumeRole",
              "Effect": "Allow",
              "Principal": {
                "Service": "lambda.amazonaws.com",
              },
            },
          ],
          "Version": "2012-10-17",
        },
        "ManagedPolicyArns": [
          {
            "Fn::Sub": "arn:\${AWS::Partition}:iam::aws:policy/service-role/AWSLambdaBasicExecutionRole",
          },
        ],
      },
      "Type": "AWS::IAM::Role",
    },
    "Distribution830FAC52": {
      "Properties": {
        "DistributionConfig": {
          "CacheBehaviors": [
            {
              "AllowedMethods": [
                "GET",
                "HEAD",
                "OPTIONS",
                "PUT",
                "PATCH",
                "POST",
                "DELETE",
              ],
              "CachePolicyId": "4135ea2d-6df8-44a3-9df3-4b5a84be39ad",
              "Compress": true,
              "OriginRequestPolicyId": "b689b0a8-53d0-40ab-baf2-68738e2966ac",
              "PathPattern": "/api/*",
              "TargetOriginId": "TestStackDistributionOrigin2492FC429",
              "ViewerProtocolPolicy": "redirect-to-https",
            },
          ],
          "CustomErrorResponses": [
            {
              "ErrorCode": 403,
              "ResponseCode": 200,
              "ResponsePagePath": "/index.html",
            },
            {
              "ErrorCode": 404,
              "ResponseCode": 200,
              "ResponsePagePath": "/index.html",
            },
          ],
          "DefaultCacheBehavior": {
            "CachePolicyId": "658327ea-f89d-4fab-a63d-7e88639e58f6",
            "Compress": true,
            "TargetOriginId": "TestStackDistributionOrigin1B0A090BF",
            "ViewerProtocolPolicy": "redirect-to-https",
          },
          "DefaultRootObject": "index.html",
          "Enabled": true,
          "HttpVersion": "http2",
          "IPV6Enabled": true,
          "Origins": [
            {
              "DomainName": {
                "Fn::GetAtt": [
                  "FrontendBucketEFE2E19C",
                  "RegionalDomainName",
                ],
              },
              "Id": "TestStackDistributionOrigin1B0A090BF",
              "OriginAccessControlId": {
                "Fn::GetAtt": [
                  "OAC5B452445",
                  "Id",
                ],
              },
              "S3OriginConfig": {
                "OriginAccessIdentity": "",
              },
            },
            {
              "CustomOriginConfig": {
                "OriginProtocolPolicy": "https-only",
                "OriginSSLProtocols": [
                  "TLSv1.2",
                ],
              },
              "DomainName": {
                "Fn::Join": [
                  "",
                  [
                    {
                      "Ref": "HttpApiF5A9A8A7",
                    },
                    ".execute-api.us-east-1.amazonaws.com",
                  ],
                ],
              },
              "Id": "TestStackDistributionOrigin2492FC429",
            },
          ],
          "WebACLId": {
            "Fn::GetAtt": [
              "WebAcl",
              "Arn",
            ],
          },
        },
      },
      "Type": "AWS::CloudFront::Distribution",
    },
    "EventBus7B8748AA": {
      "Properties": {
        "Name": "harbor-events",
      },
      "Type": "AWS::Events::EventBus",
    },
    "FrontendBucketAutoDeleteObjectsCustomResourceDB860B32": {
      "DeletionPolicy": "Delete",
      "DependsOn": [
        "FrontendBucketPolicy1DFF75D9",
      ],
      "Properties": {
        "BucketName": {
          "Ref": "FrontendBucketEFE2E19C",
        },
        "ServiceToken": {
          "Fn::GetAtt": [
            "CustomS3AutoDeleteObjectsCustomResourceProviderHandler9D90184F",
            "Arn",
          ],
        },
      },
      "Type": "Custom::S3AutoDeleteObjects",
      "UpdateReplacePolicy": "Delete",
    },
    "FrontendBucketEFE2E19C": {
      "DeletionPolicy": "Delete",
      "Properties": {
        "BucketEncryption": {
          "ServerSideEncryptionConfiguration": [
            {
              "ServerSideEncryptionByDefault": {
                "SSEAlgorithm": "AES256",
              },
            },
          ],
        },
        "PublicAccessBlockConfiguration": {
          "BlockPublicAcls": true,
          "BlockPublicPolicy": true,
          "IgnorePublicAcls": true,
          "RestrictPublicBuckets": true,
        },
        "Tags": [
          {
            "Key": "aws-cdk:auto-delete-objects",
            "Value": "true",
          },
        ],
        "VersioningConfiguration": {
          "Status": "Enabled",
        },
      },
      "Type": "AWS::S3::Bucket",
      "UpdateReplacePolicy": "Delete",
    },
    "FrontendBucketPolicy1DFF75D9": {
      "Properties": {
        "Bucket": {
          "Ref": "FrontendBucketEFE2E19C",
        },
        "PolicyDocument": {
          "Statement": [
            {
              "Action": [
                "s3:PutBucketPolicy",
                "s3:GetBucket*",
                "s3:List*",
                "s3:DeleteObject*",
              ],
              "Effect": "Allow",
              "Principal": {
                "AWS": {
                  "Fn::GetAtt": [
                    "CustomS3AutoDeleteObjectsCustomResourceProviderRole3B1BD092",
                    "Arn",
                  ],
                },
              },
              "Resource": [
                {
                  "Fn::GetAtt": [
                    "FrontendBucketEFE2E19C",
                    "Arn",
                  ],
                },
                {
                  "Fn::Join": [
                    "",
                    [
                      {
                        "Fn::GetAtt": [
                          "FrontendBucketEFE2E19C",
                          "Arn",
                        ],
                      },
                      "/*",
                    ],
                  ],
                },
              ],
            },
            {
              "Action": "s3:GetObject",
              "Condition": {
                "StringEquals": {
                  "AWS:SourceArn": {
                    "Fn::Join": [
                      "",
                      [
                        "arn:",
                        {
                          "Ref": "AWS::Partition",
                        },
                        ":cloudfront::",
                        {
                          "Ref": "AWS::AccountId",
                        },
                        ":distribution/",
                        {
                          "Ref": "Distribution830FAC52",
                        },
                      ],
                    ],
                  },
                },
              },
              "Effect": "Allow",
              "Principal": {
                "Service": "cloudfront.amazonaws.com",
              },
              "Resource": {
                "Fn::Join": [
                  "",
                  [
                    {
                      "Fn::GetAtt": [
                        "FrontendBucketEFE2E19C",
                        "Arn",
                      ],
                    },
                    "/*",
                  ],
                ],
              },
            },
          ],
          "Version": "2012-10-17",
        },
      },
      "Type": "AWS::S3::BucketPolicy",
    },
    "HttpApiANYapiproxy20978A2B": {
      "Properties": {
        "ApiId": {
          "Ref": "HttpApiF5A9A8A7",
        },
        "AuthorizationType": "NONE",
        "RouteKey": "ANY /api/{proxy+}",
        "Target": {
          "Fn::Join": [
            "",
            [
              "integrations/",
              {
                "Ref": "HttpApiANYapiproxyLambdaIntegration60616A39",
              },
            ],
          ],
        },
      },
      "Type": "AWS::ApiGatewayV2::Route",
    },
    "HttpApiANYapiproxyLambdaIntegration60616A39": {
      "Properties": {
        "ApiId": {
          "Ref": "HttpApiF5A9A8A7",
        },
        "IntegrationType": "AWS_PROXY",
        "IntegrationUri": {
          "Fn::GetAtt": [
            "ApiFunctionCE271BD4",
            "Arn",
          ],
        },
        "PayloadFormatVersion": "2.0",
      },
      "Type": "AWS::ApiGatewayV2::Integration",
    },
    "HttpApiANYapiproxyLambdaIntegrationPermission4A7CAA4E": {
      "Properties": {
        "Action": "lambda:InvokeFunction",
        "FunctionName": {
          "Fn::GetAtt": [
            "ApiFunctionCE271BD4",
            "Arn",
          ],
        },
        "Principal": "apigateway.amazonaws.com",
        "SourceArn": {
          "Fn::Join": [
            "",
            [
              "arn:",
              {
                "Ref": "AWS::Partition",
              },
              ":execute-api:us-east-1:123456789012:",
              {
                "Ref": "HttpApiF5A9A8A7",
              },
              "/*/*/api/{proxy+}",
            ],
          ],
        },
      },
      "Type": "AWS::Lambda::Permission",
    },
    "HttpApiDefaultStage3EEB07D6": {
      "Properties": {
        "ApiId": {
          "Ref": "HttpApiF5A9A8A7",
        },
        "AutoDeploy": true,
        "DefaultRouteSettings": {
          "ThrottlingBurstLimit": 100,
          "ThrottlingRateLimit": 50,
        },
        "StageName": "$default",
      },
      "Type": "AWS::ApiGatewayV2::Stage",
    },
    "HttpApiF5A9A8A7": {
      "Properties": {
        "CorsConfiguration": {
          "AllowHeaders": [
            "Content-Type",
            "Authorization",
          ],
          "AllowMethods": [
            "*",
          ],
          "AllowOrigins": [
            "*",
          ],
          "MaxAge": 3600,
        },
        "Name": "harbor-api",
        "ProtocolType": "HTTP",
      },
      "Type": "AWS::ApiGatewayV2::Api",
    },
    "LifecycleRule73E893B9": {
      "Properties": {
        "EventBusName": {
          "Ref": "EventBus7B8748AA",
        },
        "EventPattern": {
          "detail-type": [
            "AgentLifecycleChanged",
          ],
          "source": [
            "harbor",
          ],
        },
        "State": "ENABLED",
        "Targets": [
          {
            "Arn": {
              "Ref": "AlertTopic2720D535",
            },
            "Id": "Target0",
          },
        ],
      },
      "Type": "AWS::Events::Rule",
    },
    "OAC5B452445": {
      "Properties": {
        "OriginAccessControlConfig": {
          "Name": "harbor-oac",
          "OriginAccessControlOriginType": "s3",
          "SigningBehavior": "always",
          "SigningProtocol": "sigv4",
        },
      },
      "Type": "AWS::CloudFront::OriginAccessControl",
    },
    "PolicyViolationRule4C2D0BAC": {
      "Properties": {
        "EventBusName": {
          "Ref": "EventBus7B8748AA",
        },
        "EventPattern": {
          "detail-type": [
            "PolicyViolation",
          ],
          "source": [
            "harbor",
          ],
        },
        "State": "ENABLED",
        "Targets": [
          {
            "Arn": {
              "Ref": "AlertTopic2720D535",
            },
            "Id": "Target0",
          },
        ],
      },
      "Type": "AWS::Events::Rule",
    },
    "UserPool6BA7E5F2": {
      "DeletionPolicy": "Delete",
      "Properties": {
        "AccountRecoverySetting": {
          "RecoveryMechanisms": [
            {
              "Name": "verified_email",
              "Priority": 1,
            },
          ],
        },
        "AdminCreateUserConfig": {
          "AllowAdminCreateUserOnly": true,
        },
        "AutoVerifiedAttributes": [
          "email",
        ],
        "EmailVerificationMessage": "The verification code to your new account is {####}",
        "EmailVerificationSubject": "Verify your new account",
        "Policies": {
          "PasswordPolicy": {
            "MinimumLength": 12,
            "RequireNumbers": true,
            "RequireSymbols": true,
            "RequireUppercase": true,
          },
        },
        "Schema": [
          {
            "AttributeDataType": "String",
            "Mutable": true,
            "Name": "tenant_id",
          },
          {
            "AttributeDataType": "String",
            "Mutable": true,
            "Name": "role",
          },
        ],
        "SmsVerificationMessage": "The verification code to your new account is {####}",
        "UserPoolName": "harbor-users",
        "UsernameAttributes": [
          "email",
        ],
        "VerificationMessageTemplate": {
          "DefaultEmailOption": "CONFIRM_WITH_CODE",
          "EmailMessage": "The verification code to your new account is {####}",
          "EmailSubject": "Verify your new account",
          "SmsMessage": "The verification code to your new account is {####}",
        },
      },
      "Type": "AWS::Cognito::UserPool",
      "UpdateReplacePolicy": "Delete",
    },
    "UserPoolDomainD0EA232A": {
      "Properties": {
        "Domain": {
          "Fn::Join": [
            "",
            [
              "harbor-dev-",
              {
                "Ref": "AWS::AccountId",
              },
            ],
          ],
        },
        "UserPoolId": {
          "Ref": "UserPool6BA7E5F2",
        },
      },
      "Type": "AWS::Cognito::UserPoolDomain",
    },
    "UserPoolM2mClient962B97A0": {
      "Properties": {
        "AllowedOAuthFlows": [
          "client_credentials",
        ],
        "AllowedOAuthFlowsUserPoolClient": true,
        "AllowedOAuthScopes": [
          {
            "Fn::Join": [
              "",
              [
                {
                  "Ref": "UserPoolResourceServer05D1463A",
                },
                "/agents.read",
              ],
            ],
          },
          {
            "Fn::Join": [
              "",
              [
                {
                  "Ref": "UserPoolResourceServer05D1463A",
                },
                "/agents.write",
              ],
            ],
          },
        ],
        "ClientName": "harbor-m2m",
        "GenerateSecret": true,
        "SupportedIdentityProviders": [
          "COGNITO",
        ],
        "UserPoolId": {
          "Ref": "UserPool6BA7E5F2",
        },
      },
      "Type": "AWS::Cognito::UserPoolClient",
    },
    "UserPoolResourceServer05D1463A": {
      "Properties": {
        "Identifier": "harbor-api",
        "Name": "harbor-api",
        "Scopes": [
          {
            "ScopeDescription": "Read agents",
            "ScopeName": "agents.read",
          },
          {
            "ScopeDescription": "Write agents",
            "ScopeName": "agents.write",
          },
        ],
        "UserPoolId": {
          "Ref": "UserPool6BA7E5F2",
        },
      },
      "Type": "AWS::Cognito::UserPoolResourceServer",
    },
    "UserPoolSpaClient6B560FFA": {
      "Properties": {
        "AllowedOAuthFlows": [
          "code",
        ],
        "AllowedOAuthFlowsUserPoolClient": true,
        "AllowedOAuthScopes": [
          "openid",
          "email",
          "profile",
        ],
        "CallbackURLs": [
          "http://localhost:5173/callback",
        ],
        "ClientName": "harbor-spa",
        "ExplicitAuthFlows": [
          "ALLOW_USER_SRP_AUTH",
          "ALLOW_REFRESH_TOKEN_AUTH",
        ],
        "GenerateSecret": false,
        "LogoutURLs": [
          "http://localhost:5173/",
        ],
        "PreventUserExistenceErrors": "ENABLED",
        "SupportedIdentityProviders": [
          "COGNITO",
        ],
        "UserPoolId": {
          "Ref": "UserPool6BA7E5F2",
        },
      },
      "Type": "AWS::Cognito::UserPoolClient",
    },
    "WebAcl": {
      "Properties": {
        "DefaultAction": {
          "Allow": {},
        },
        "Name": "harbor-waf",
        "Rules": [
          {
            "Name": "AWSManagedRulesCommonRuleSet",
            "OverrideAction": {
              "None": {},
            },
            "Priority": 1,
            "Statement": {
              "ManagedRuleGroupStatement": {
                "Name": "AWSManagedRulesCommonRuleSet",
                "VendorName": "AWS",
              },
            },
            "VisibilityConfig": {
              "CloudWatchMetricsEnabled": true,
              "MetricName": "common-rules",
              "SampledRequestsEnabled": true,
            },
          },
          {
            "Action": {
              "Block": {},
            },
            "Name": "RateLimitPerIP",
            "Priority": 2,
            "Statement": {
              "RateBasedStatement": {
                "AggregateKeyType": "IP",
                "Limit": 1000,
              },
            },
            "VisibilityConfig": {
              "CloudWatchMetricsEnabled": true,
              "MetricName": "rate-limit",
              "SampledRequestsEnabled": true,
            },
          },
        ],
        "Scope": "CLOUDFRONT",
        "VisibilityConfig": {
          "CloudWatchMetricsEnabled": true,
          "MetricName": "harbor-waf",
          "SampledRequestsEnabled": true,
        },
      },
      "Type": "AWS::WAFv2::WebACL",
    },
  },
  "Rules": {
    "CheckBootstrapVersion": {
      "Assertions": [
        {
          "Assert": {
            "Fn::Not": [
              {
                "Fn::Contains": [
                  [
                    "1",
                    "2",
                    "3",
                    "4",
                    "5",
                  ],
                  {
                    "Ref": "BootstrapVersion",
                  },
                ],
              },
            ],
          },
          "AssertDescription": "CDK bootstrap stack version 6 required. Please run 'cdk bootstrap' with a recent version of the CDK CLI.",
        },
      ],
    },
  },
}
`;
